>>> BaseGeometry = __import__('7-base_geometry').BaseGeometry

>>> bg = BaseGeometry()

>>> bg.integer_validator("width", 89) 

>>> bg.integer_validator("h", 0.5)
Traceback (most recent call last):
TypeError: h must be an integer

>>> bg.integer_validator("w", -1)
Traceback (most recent call last):
ValueError: w must be greater than 0

>>> bg.integer_validator("w", 0)
Traceback (most recent call last):
ValueError: w must be greater than 0

